- 2026-10-07 22:25 [hier] h005 L5: time to kick T1 (moderate): time cost, promptness floor 0.25 / tau 1.0, quick kick, turn-rate, 15 % low caps, 15 % unknown starts, mild ball-behind genes {'s.spawn_any_prob': 0.15, 's.far_spawn_prob': 0.1, 's.unknown_start_prob': 0.15, 'w.kick_time_cost': -5.0, 'k.PROMPT_FLOOR': 0.25, 'k.PROMPT_KICK_TAU': 1.0, 't.quick_kick': 400.0, 'w.turn_rate_track': 5.0, 's.cap_low_prob': 0.15} (parent h001_c0_17300_x50)
- 2026-10-07 22:25 h005_c0: reward program h005_c0.json
- 2026-10-07 22:25 h005_c1: reward program h005_c1.json
- 2026-10-07 23:15 [hier] h005_c0 model_17300: screen +28.0
- 2026-10-07 23:15 [hier] h005_c1 model_17300: screen +38.7
- 2026-10-07 23:18 [hier] h005_c1 model_17400: screen +60.5
- 2026-10-07 23:18 [hier] h005_c0 model_17400: screen +20.0
- 2026-10-07 23:20 [hier] h005_c1 model_17500: screen +63.9
- 2026-10-07 23:20 [hier] h005_c0 model_17500: screen +43.3
- 2026-10-07 23:23 [hier] h005_c1 model_17600: screen +61.2
- 2026-10-07 23:23 [hier] h005_c0 model_17600: screen -11.3
- 2026-10-07 23:25 [hier] h005_c1 model_17650: screen +31.7
- 2026-10-07 23:25 h005_c2: reward program h005_c2.json
- 2026-10-07 23:25 [hier] h005_c0 model_17650: screen +33.3
- 2026-10-07 23:31 [hier] h006 L5: power + learned style choice: style forcing off, style_advantage 600, long uncapped 800, RSI front 15 % / inside 10 %, loft free, heavy balls genes {'s.spawn_any_prob': 0.15, 's.far_spawn_prob': 0.1, 's.unknown_start_prob': 0.15, 'k.STYLE_MAP': 'free', 'k.STYLE_SHARE_INSIDE': 0.0, 'k.STYLE_SHARE_HOP': 0.0, 'w.inside_foot_style': 0.0, 'w.hop_kick_style': 0.0, 't.hop_power_long': 0.0, 'w.hop_kick_fall': -1000.0, 'rsi_ours': 0.15, 'rsi_bhuman': 0.1, 'w.style_advantage': 600.0, 'w.long_kick_speed_linear': 800.0} (parent h001_c0_17300_x50)
- 2026-10-08 00:18 [hier] h006_c0 model_17300: screen +24.8
- 2026-10-08 00:18 [hier] h006_c1 model_17300: screen +18.5
- 2026-10-08 00:20 [hier] h006_c0 model_17400: screen +13.6
- 2026-10-08 00:20 [hier] h006_c1 model_17400: screen +17.8
- 2026-10-08 00:23 [hier] h006_c0 model_17500: screen +22.9
- 2026-10-08 00:23 [hier] h006_c1 model_17500: screen +13.9
- 2026-10-08 00:25 [hier] h006_c0 model_17600: screen +41.0
- 2026-10-08 00:25 [hier] h006_c1 model_17600: screen +15.1
- 2026-10-08 00:28 [hier] h006_c0 model_17650: screen +51.3
- 2026-10-08 00:28 [hier] h006_c1 model_17650: screen +42.0
- 2026-10-08 00:53 [hier] h006_c2 model_17300: screen +44.8
- 2026-10-08 00:54 [hier] h006_c2 model_17400: screen +48.3
- 2026-10-08 00:56 [hier] h006_c2 model_17500: screen +33.7
- 2026-10-08 00:58 [hier] h006_c2 model_17600: screen +32.5
- 2026-10-08 01:00 [hier] h006_c2 model_17650: screen +41.1
- 2026-10-08 01:03 [hier] h006: blend 0.7/0.3 with champion, screen +60.4
- 2026-10-08 01:05 [hier] h006: blend 0.5/0.5 with champion, screen +65.4
- 2026-10-08 01:05 [hier] h006: blend beats the parent on the screen; full benchmark for h006_c0_x50
- 2026-10-08 01:24 [hier] h006_c0_17650: v2 score +159.28, regressions ['approach/camera/typical:first_kick_s:high', 'full_loop/camera/typical:first_kick_s:low', 'full_loop/camera/typical:style_selection_pct:low', 'full_loop/camera/typical:style_selection_pct:high']
- 2026-10-08 01:25 h006_c0_17650: blend 0.7/0.3 with champion, screen +54.2
- 2026-10-08 01:27 h006_c0_17650: blend 0.5/0.5 with champion, screen +64.2
- 2026-10-08 01:46 h006_c0_17650_x50: score +128.72 vs sty_power_17149, regressions ['approach/camera/typical:first_kick_s:low', 'full_loop/camera/typical:style_selection_pct:low']
- 2026-10-08 01:46 [hier] STOP_AFTER_FRAME found; stopping
- 2026-10-08 01:46 [hier] stopped after 6 frames; champion sty_power_17149
- 2026-10-08 01:48 [hier] h007 L5: approach speed: track the vx cap with the braking profile down to 1 m (k.TRACK_BRAKE_PROFILE 1, w.walk_speed_track 6) - children walk to the ball 0.5-0.7 s slower at low caps genes {'s.spawn_any_prob': 0.15, 's.far_spawn_prob': 0.1, 's.unknown_start_prob': 0.15, 'k.TRACK_BRAKE_PROFILE': 1.0, 'w.walk_speed_track': 6.0, 's.cap_low_prob': 0.15} (parent h001_c0_17300_x50)
- 2026-10-08 01:48 h007_c1: reward program h007_c1.json
- 2026-10-08 01:48 h007_c0: reward program h007_c0.json
- 2026-10-08 02:35 [hier] h007_c0 model_17300: screen +38.2
- 2026-10-08 02:35 [hier] h007_c1 model_17300: screen +10.1
- 2026-10-08 02:37 [hier] h007_c0 model_17400: screen +50.5
- 2026-10-08 02:37 [hier] h007_c1 model_17400: screen +58.5
- 2026-10-08 02:40 [hier] h007_c0 model_17500: screen +40.6
- 2026-10-08 02:40 [hier] h007_c1 model_17500: screen +65.3
- 2026-10-08 02:42 [hier] h007_c0 model_17600: screen +9.6
- 2026-10-08 02:42 [hier] h007_c1 model_17600: screen +52.6
- 2026-10-08 02:45 [hier] h007_c1 model_17650: screen +69.3
- 2026-10-08 02:45 h007_c2: reward program h007_c2.json
- 2026-10-08 02:45 [hier] h007_c0 model_17650: screen +35.2
- 2026-10-08 03:08 [hier] h007_c2 model_17300: screen +30.7
- 2026-10-08 03:10 [hier] h007_c2 model_17400: screen +57.3
- 2026-10-08 03:11 [hier] h007_c2 model_17500: screen +16.4
- 2026-10-08 03:13 [hier] h007_c2 model_17600: screen +67.8
- 2026-10-08 03:15 [hier] h007_c2 model_17650: screen +57.9
- 2026-10-08 03:32 [hier] h007_c1_17650: v2 score +146.77, regressions ['full_loop/camera/typical:first_kick_s:low', 'full_loop/camera/typical:short_stop_m:low', 'full_loop/camera/typical:short_stop_m:high', 'full_loop/moving/camera/typical:goals_per_ep:low', 'full_loop/bumps/camera/typical:goals_per_ep:low']
- 2026-10-08 03:34 h007_c1_17650: blend 0.7/0.3 with champion, screen +62.9
- 2026-10-08 03:36 h007_c1_17650: blend 0.5/0.5 with champion, screen +72.6
- 2026-10-08 03:54 h007_c1_17650_x50: score +168.87 vs sty_power_17149, regressions ['full_loop/camera/typical:first_kick_s:low']
- 2026-10-08 03:54 [hier] h007: context best now h007_c1_17650_x50 (+168.9, 1 regressions)
- 2026-10-08 03:54 [hier] context opened (L5): conservative fine-tune: desired_kl 0.004 (smaller policy steps, less drift of the champion's low-cap speed) + approach speed (brake profile, walk_speed_track 6) + 15 % low caps {'s.spawn_any_prob': 0.15, 's.far_spawn_prob': 0.1, 's.unknown_start_prob': 0.15, 'k.TRACK_BRAKE_PROFILE': 1.0, 'w.walk_speed_track': 6.0, 's.cap_low_prob': 0.15, 'desired_kl': 0.004}, budget 3
- 2026-10-08 03:54 [hier] h008 L5: conservative fine-tune: desired_kl 0.004 (smaller policy steps, less drift of the champion's low-cap speed) + approach speed (brake profile, walk_speed_track 6) + 15 % low caps genes {'s.spawn_any_prob': 0.15, 's.far_spawn_prob': 0.1, 's.unknown_start_prob': 0.15, 'k.TRACK_BRAKE_PROFILE': 1.0, 'w.walk_speed_track': 6.0, 's.cap_low_prob': 0.15, 'desired_kl': 0.004} (parent h001_c0_17300_x50)
- 2026-10-08 03:54 h008_c0: reward program h008_c0.json
- 2026-10-08 03:54 h008_c1: reward program h008_c1.json
- 2026-10-08 04:42 [hier] h008_c0 model_17300: screen +46.0
- 2026-10-08 04:42 [hier] h008_c1 model_17300: screen +38.3
- 2026-10-08 04:44 [hier] h008_c0 model_17400: screen +51.3
- 2026-10-08 04:44 [hier] h008_c1 model_17400: screen +59.2
- 2026-10-08 04:47 [hier] h008_c1 model_17500: screen +48.6
- 2026-10-08 04:47 [hier] h008_c0 model_17500: screen +66.1
- 2026-10-08 04:51 [hier] h008_c1 model_17600: screen +73.0
- 2026-10-08 04:51 [hier] h008_c0 model_17600: screen +87.0
- 2026-10-08 04:54 [hier] h008_c1 model_17650: screen +66.5
- 2026-10-08 04:54 h008_c2: reward program h008_c2.json
- 2026-10-08 04:54 [hier] h008_c0 model_17650: screen +85.7
- 2026-10-08 05:28 [hier] h008_c2 model_17300: screen +58.9
- 2026-10-08 05:31 [hier] h008_c2 model_17400: screen +69.1
- 2026-10-08 05:33 [hier] h008_c2 model_17500: screen +83.1
- 2026-10-08 05:35 [hier] h008_c2 model_17600: screen +85.1
- 2026-10-08 05:37 [hier] h008_c2 model_17650: screen +88.7
- 2026-10-08 05:54 [hier] h008_c2_17650: v2 score +251.40, regressions ['full_loop/camera/typical:first_kick_s:low', 'full_loop/camera/typical:short_stop_m:low', 'full_loop/camera/typical:short_stop_m:high', 'full_loop/camera/typical:goals_per_ep:low', 'approach/unknown/camera/typical:first_kick_s:high', 'full_loop/moving/camera/typical:goals_per_ep:low', 'full_loop/late_detect/camera/typical:goals_per_ep:low', 'full_loop/bumps/camera/typical:goals_per_ep:low', 'full_loop/robust/camera/typical:goals_per_ep:low']
- 2026-10-08 05:56 h008_c2_17650: blend 0.7/0.3 with champion, screen +80.2
- 2026-10-08 05:57 h008_c2_17650: blend 0.5/0.5 with champion, screen +80.9
- 2026-10-08 06:16 h008_c2_17650_x50: score +228.80 vs sty_power_17149, regressions ['full_loop/camera/typical:first_kick_s:low', 'full_loop/camera/typical:short_stop_m:low', 'full_loop/camera/typical:short_stop_m:high', 'approach/unknown/camera/typical:first_kick_s:high']
- 2026-10-08 06:16 [hier] h008: context best now h008_c2_17650 (+251.4, 9 regressions)
- 2026-10-08 06:16 [hier] STOP_AFTER_FRAME found; stopping
- 2026-10-08 06:16 [hier] stopped after 8 frames; champion h007_c1_17650_x50_2seed
- 2026-10-08 06:17 [hier] h009 L5: power + learned style choice, small policy steps (KL 0.004), from the new champion genes {'s.spawn_any_prob': 0.15, 's.far_spawn_prob': 0.1, 's.unknown_start_prob': 0.15, 'k.STYLE_MAP': 'free', 'k.STYLE_SHARE_INSIDE': 0.0, 'k.STYLE_SHARE_HOP': 0.0, 'w.inside_foot_style': 0.0, 'w.hop_kick_style': 0.0, 't.hop_power_long': 0.0, 'w.hop_kick_fall': -1000.0, 'rsi_ours': 0.15, 'rsi_bhuman': 0.1, 'w.style_advantage': 600.0, 'w.long_kick_speed_linear': 800.0, 'desired_kl': 0.004} (parent h007_c1_17650_x50_2seed)
- 2026-10-08 07:06 [hier] h009_c0 model_17300: screen +31.3
- 2026-10-08 07:06 [hier] h009_c1 model_17300: screen -7.0
- 2026-10-08 07:08 [hier] h009_c0 model_17400: screen +50.9
- 2026-10-08 07:09 [hier] h009_c1 model_17400: screen +27.7
- 2026-10-08 07:11 [hier] h009_c0 model_17500: screen +58.1
- 2026-10-08 07:11 [hier] h009_c1 model_17500: screen +53.7
- 2026-10-08 07:13 [hier] h009_c0 model_17600: screen +53.3
- 2026-10-08 07:14 [hier] h009_c1 model_17600: screen +23.4
- 2026-10-08 07:15 [hier] h009_c0 model_17650: screen +44.9
- 2026-10-08 07:16 [hier] h009_c1 model_17650: screen +41.7
- 2026-10-08 07:38 [hier] h009_c2 model_17300: screen +7.2
- 2026-10-08 07:40 [hier] h009_c2 model_17400: screen +22.7
- 2026-10-08 07:42 [hier] h009_c2 model_17500: screen +36.6
- 2026-10-08 07:44 [hier] h009_c2 model_17600: screen +46.6
- 2026-10-08 07:46 [hier] h009_c2 model_17650: screen +23.6
- 2026-10-08 08:02 [hier] h009_c0_17500: v2 score +209.50, regressions ['full_loop/camera/typical:short_stop_m:low', 'full_loop/camera/typical:action_rate:high', 'full_loop/camera/typical:style_selection_pct:low', 'full_loop/camera/typical:style_selection_pct:high']
- 2026-10-08 08:04 h009_c0_17500: blend 0.7/0.3 with champion, screen +34.8
- 2026-10-08 08:06 h009_c0_17500: blend 0.5/0.5 with champion, screen +51.5
- 2026-10-08 08:25 h009_c0_17500_x50: score +159.62 vs h007_c1_17650_x50_2seed, regressions ['full_loop/camera/typical:short_stop_m:low', 'full_loop/camera/typical:style_selection_pct:low', 'full_loop/camera/typical:style_selection_pct:high']
- 2026-10-08 08:25 [hier] h009: context best now h009_c0_17500 (+209.5, 4 regressions)
- 2026-10-08 08:25 [hier] STOP_AFTER_FRAME found; stopping
- 2026-10-08 08:25 [hier] stopped after 9 frames; champion h007_c1_17650_x50_2seed
- 2026-10-08 08:27 [hier] h010 L5: power + styles v2 from h009 child: style_advantage 1500, short-pass stop reward 1000, long uncapped 800, KL 0.004 genes {'s.spawn_any_prob': 0.15, 's.far_spawn_prob': 0.1, 's.unknown_start_prob': 0.15, 'k.STYLE_MAP': 'free', 'k.STYLE_SHARE_INSIDE': 0.0, 'k.STYLE_SHARE_HOP': 0.0, 'w.inside_foot_style': 0.0, 'w.hop_kick_style': 0.0, 't.hop_power_long': 0.0, 'w.hop_kick_fall': -1000.0, 'rsi_ours': 0.15, 'rsi_bhuman': 0.1, 'w.style_advantage': 1500.0, 'w.long_kick_speed_linear': 800.0, 'desired_kl': 0.004, 'w.kick_rest_accuracy': 1000.0} (parent h009_c0_17500)
- 2026-10-08 09:14 [hier] h010_c1 model_17650: screen +55.6
- 2026-10-08 09:14 [hier] h010_c0 model_17650: screen +37.8
- 2026-10-08 09:16 [hier] h010_c1 model_17750: screen +61.7
- 2026-10-08 09:17 [hier] h010_c0 model_17750: screen +43.6
- 2026-10-08 09:19 [hier] h010_c1 model_17850: screen +54.2
- 2026-10-08 09:19 [hier] h010_c0 model_17850: screen +49.6
- 2026-10-08 09:21 [hier] h010_c1 model_17950: screen +44.1
- 2026-10-08 09:22 [hier] h010_c0 model_17950: screen +63.9
- 2026-10-08 09:23 [hier] h010_c1 model_18000: screen +49.0
- 2026-10-08 09:24 [hier] h010_c0 model_18000: screen +44.6
- 2026-10-08 09:47 [hier] h010_c2 model_17650: screen +41.4
- 2026-10-08 09:48 [hier] h010_c2 model_17750: screen +61.6
- 2026-10-08 09:50 [hier] h010_c2 model_17850: screen +68.6
- 2026-10-08 09:52 [hier] h010_c2 model_17950: screen +47.8
- 2026-10-08 09:54 [hier] h010_c2 model_18000: screen +50.4
- 2026-10-08 10:14 [hier] h010_c2_17850: v2 score +186.40, regressions ['full_loop/camera/typical:short_stop_m:low']
- 2026-10-08 10:16 h010_c2_17850: blend 0.7/0.3 with champion, screen +42.8
- 2026-10-08 10:17 h010_c2_17850: blend 0.5/0.5 with champion, screen +39.9
- 2026-10-08 10:40 h010_c2_17850_x70: score +118.92 vs h007_c1_17650_x50_2seed, regressions none
- 2026-10-08 11:03 h010_c2_17850_x70_2seed: seed scores +118.92 / +122.42 vs h007_c1_17650_x50_2seed, regressions none
- 2026-10-08 11:05 h010_c2_17850_x70: runswift: falls 44/180 (champ 60), first strike 106/216 (champ 99), speed 2.86 (champ 3.06), goals 119 (champ 103); BLOCKED: ['kick speed 3.06 -> 2.86']
- 2026-10-08 11:05 [hier] h011 L1@L5: add template long_power_ramp | in power + styles v2 from h009 child: style_advantage 1500, short-pass stop reward 1000, long uncapped 800, KL 0.004 genes {'s.spawn_any_prob': 0.15, 's.far_spawn_prob': 0.1, 's.unknown_start_prob': 0.15, 'k.STYLE_MAP': 'free', 'k.STYLE_SHARE_INSIDE': 0.0, 'k.STYLE_SHARE_HOP': 0.0, 'w.inside_foot_style': 0.0, 'w.hop_kick_style': 0.0, 't.hop_power_long': 0.0, 'w.hop_kick_fall': -1000.0, 'rsi_ours': 0.15, 'rsi_bhuman': 0.1, 'w.style_advantage': 1500.0, 'w.long_kick_speed_linear': 800.0, 'desired_kl': 0.004, 'w.kick_rest_accuracy': 1000.0, 't.long_power_ramp': 1500.0} (parent h009_c0_17500)
- 2026-10-08 11:05 h011_c0: reward program h011_c0.json
- 2026-10-08 11:05 h011_c1: reward program h011_c1.json
- 2026-10-08 11:53 [hier] h011_c0 model_17650: screen +39.9
- 2026-10-08 11:53 [hier] h011_c1 model_17650: screen +64.4
- 2026-10-08 11:56 [hier] h011_c0 model_17750: screen +82.7
- 2026-10-08 11:56 [hier] h011_c1 model_17750: screen +68.9
- 2026-10-08 11:59 [hier] h011_c0 model_17850: screen +52.1
- 2026-10-08 11:59 [hier] h011_c1 model_17850: screen +74.2
- 2026-10-08 12:01 [hier] h011_c1 model_17950: screen +65.0
- 2026-10-08 12:01 [hier] h011_c0 model_17950: screen +61.9
- 2026-10-08 12:04 [hier] h011_c0 model_18000: screen +64.9
- 2026-10-08 12:04 h011_c2: reward program h011_c2.json
- 2026-10-08 12:04 [hier] h011_c1 model_18000: screen +62.6
- 2026-10-08 12:28 [hier] h011_c2 model_17650: screen +73.6
- 2026-10-08 12:30 [hier] h011_c2 model_17750: screen +84.9
- 2026-10-08 12:31 [hier] h011_c2 model_17850: screen +72.3
- 2026-10-08 12:33 [hier] h011_c2 model_17950: screen +63.7
- 2026-10-08 12:35 [hier] h011_c2 model_18000: screen +66.0
- 2026-10-08 12:52 [hier] h011_c2_17750: v2 score +252.71, regressions ['full_loop/camera/typical:action_rate:high', 'full_loop/camera/typical:style_selection_pct:low', 'full_loop/camera/typical:style_selection_pct:high']
- 2026-10-08 12:54 h011_c2_17750: blend 0.7/0.3 with champion, screen +33.1
- 2026-10-08 12:56 h011_c2_17750: blend 0.5/0.5 with champion, screen +47.8
- 2026-10-08 13:14 h011_c2_17750_x50: score +160.78 vs h007_c1_17650_x50_2seed, regressions ['full_loop/camera/typical:style_selection_pct:high']
- 2026-10-08 13:14 [hier] h011: context best now h011_c2_17750 (+252.7, 3 regressions)
- 2026-10-08 13:14 [hier] STOP_AFTER_FRAME found; stopping
- 2026-10-08 13:14 [hier] stopped after 11 frames; champion h010_c2_17850_x70_2seed
- 2026-10-08 13:33 [hier] context opened (L5): keep h011 long power (3D 4.4-4.5 m/s) and fix its high-cap regressions: smoother actions (action_rate -0.15), style_advantage kept {'s.spawn_any_prob': 0.15, 's.far_spawn_prob': 0.1, 's.unknown_start_prob': 0.15, 'k.STYLE_MAP': 'free', 'k.STYLE_SHARE_INSIDE': 0.0, 'k.STYLE_SHARE_HOP': 0.0, 'w.inside_foot_style': 0.0, 'w.hop_kick_style': 0.0, 't.hop_power_long': 0.0, 'w.hop_kick_fall': -1000.0, 'rsi_ours': 0.15, 'rsi_bhuman': 0.1, 'w.style_advantage': 1500.0, 'w.long_kick_speed_linear': 800.0, 'desired_kl': 0.004, 'w.kick_rest_accuracy': 1000.0, 'w.action_rate_l2': -0.15}, budget 3
- 2026-10-08 13:33 [hier] h012 L5: keep h011 long power (3D 4.4-4.5 m/s) and fix its high-cap regressions: smoother actions (action_rate -0.15), style_advantage kept genes {'s.spawn_any_prob': 0.15, 's.far_spawn_prob': 0.1, 's.unknown_start_prob': 0.15, 'k.STYLE_MAP': 'free', 'k.STYLE_SHARE_INSIDE': 0.0, 'k.STYLE_SHARE_HOP': 0.0, 'w.inside_foot_style': 0.0, 'w.hop_kick_style': 0.0, 't.hop_power_long': 0.0, 'w.hop_kick_fall': -1000.0, 'rsi_ours': 0.15, 'rsi_bhuman': 0.1, 'w.style_advantage': 1500.0, 'w.long_kick_speed_linear': 800.0, 'desired_kl': 0.004, 'w.kick_rest_accuracy': 1000.0, 'w.action_rate_l2': -0.15} (parent h011_c2_17750)
- 2026-10-08 14:45 [hier] h012_c1 model_17900: screen +22.1
- 2026-10-08 14:45 [hier] h012_c0 model_17900: screen +31.4
- 2026-10-08 14:48 [hier] h012_c1 model_18000: screen +69.2
- 2026-10-08 14:48 [hier] h012_c0 model_18000: screen +11.8
- 2026-10-08 14:51 [hier] h012_c1 model_18100: screen +50.2
- 2026-10-08 14:51 [hier] h012_c0 model_18100: screen +51.9
- 2026-10-08 14:54 [hier] h012_c1 model_18200: screen +26.0
- 2026-10-08 14:54 [hier] h012_c0 model_18200: screen +34.6
- 2026-10-08 14:56 [hier] h012_c0 model_18250: screen +47.1
- 2026-10-08 14:57 [hier] h012_c1 model_18250: screen +48.5
- 2026-10-08 15:23 [hier] h012_c2 model_17900: screen +37.9
- 2026-10-08 15:25 [hier] h012_c2 model_18000: screen +51.0
- 2026-10-08 15:27 [hier] h012_c2 model_18100: screen +37.0
- 2026-10-08 15:30 [hier] h012_c2 model_18200: screen +44.0
- 2026-10-08 15:32 [hier] h012_c2 model_18250: screen +53.6
- 2026-10-08 15:53 [hier] h012_c1_18000: v2 score +175.60, regressions ['close_any/heavy/camera/typical:long_3d:high']
- 2026-10-08 15:55 h012_c1_18000: blend 0.7/0.3 with champion, screen +16.8
- 2026-10-08 15:58 h012_c1_18000: blend 0.5/0.5 with champion, screen +33.5
- 2026-10-08 16:00 h012_c1_18000: blend 0.3/0.7 with champion, screen +48.0
- 2026-10-08 16:21 h012_c1_18000_x30: score +139.57 vs h010_c2_17850_x70_2seed, regressions ['full_loop/camera/typical:style_selection_pct:high']
- 2026-10-08 16:21 [hier] STOP_AFTER_FRAME found; stopping
- 2026-10-08 16:21 [hier] stopped after 12 frames; champion h010_c2_17850_x70_2seed
- 2026-10-08 16:21 [hier] context opened (L2): smooth + stable actions (user 2026-10-08): action_rate held at 0.75x the parent level by dual ascent, power + style_advantage kept {'s.spawn_any_prob': 0.15, 's.far_spawn_prob': 0.1, 's.unknown_start_prob': 0.15, 'k.STYLE_MAP': 'free', 'k.STYLE_SHARE_INSIDE': 0.0, 'k.STYLE_SHARE_HOP': 0.0, 'w.inside_foot_style': 0.0, 'w.hop_kick_style': 0.0, 't.hop_power_long': 0.0, 'w.hop_kick_fall': -1000.0, 'rsi_ours': 0.15, 'rsi_bhuman': 0.1, 'w.style_advantage': 1500.0, 'w.long_kick_speed_linear': 800.0, 'desired_kl': 0.004, 'w.kick_rest_accuracy': 1000.0, 'w.action_rate_l2': -0.15, 'c.action_rate_l2': 0.75}, budget 2
- 2026-10-08 16:21 [hier] h013 L2: smooth + stable actions (user 2026-10-08): action_rate held at 0.75x the parent level by dual ascent, power + style_advantage kept genes {'s.spawn_any_prob': 0.15, 's.far_spawn_prob': 0.1, 's.unknown_start_prob': 0.15, 'k.STYLE_MAP': 'free', 'k.STYLE_SHARE_INSIDE': 0.0, 'k.STYLE_SHARE_HOP': 0.0, 'w.inside_foot_style': 0.0, 'w.hop_kick_style': 0.0, 't.hop_power_long': 0.0, 'w.hop_kick_fall': -1000.0, 'rsi_ours': 0.15, 'rsi_bhuman': 0.1, 'w.style_advantage': 1500.0, 'w.long_kick_speed_linear': 800.0, 'desired_kl': 0.004, 'w.kick_rest_accuracy': 1000.0, 'w.action_rate_l2': -0.15, 'c.action_rate_l2': 0.75} (parent h011_c2_17750)
- 2026-10-08 17:13 [hier] h013_c0 model_17900: screen +47.4
- 2026-10-08 17:13 [hier] h013_c1 model_17900: screen +29.2
- 2026-10-08 17:16 [hier] h013_c0 model_18000: screen +41.9
- 2026-10-08 17:16 [hier] h013_c1 model_18000: screen +31.3
- 2026-10-08 17:19 [hier] h013_c0 model_18100: screen +43.7
- 2026-10-08 17:19 [hier] h013_c1 model_18100: screen +24.6
- 2026-10-08 17:22 [hier] h013_c0 model_18200: screen +32.1
- 2026-10-08 17:22 [hier] h013_c1 model_18200: screen +13.7
- 2026-10-08 17:25 [hier] h013_c1 model_18250: screen +27.1
- 2026-10-08 17:25 [hier] h013_c0 model_18250: screen +19.5
- 2026-10-08 17:52 [hier] h013_c2 model_17900: screen +12.6
- 2026-10-08 17:54 [hier] h013_c2 model_18000: screen -3.1
- 2026-10-08 17:56 [hier] h013_c2 model_18100: screen +32.4
- 2026-10-08 17:58 [hier] h013_c2 model_18200: screen +3.4
- 2026-10-08 18:00 [hier] h013_c2 model_18250: screen -20.5
- 2026-10-08 18:02 [hier] h013: blend 0.7/0.3 with champion, screen +17.2
- 2026-10-08 18:04 [hier] h013: blend 0.5/0.5 with champion, screen +40.6
- 2026-10-08 18:06 [hier] h013: blend 0.3/0.7 with champion, screen +42.2
- 2026-10-08 18:06 [hier] h013: not improving: best screen +47.4 (blend +42.2) vs parent +55.2 - moving on
- 2026-10-08 18:06 [hier] h014 L1@L2: add template aim_tight | in smooth + stable actions (user 2026-10-08): action_rate held at 0.75x the parent level by dual ascent, power + style_advantage kept genes {'s.spawn_any_prob': 0.15, 's.far_spawn_prob': 0.1, 's.unknown_start_prob': 0.15, 'k.STYLE_MAP': 'free', 'k.STYLE_SHARE_INSIDE': 0.0, 'k.STYLE_SHARE_HOP': 0.0, 'w.inside_foot_style': 0.0, 'w.hop_kick_style': 0.0, 't.hop_power_long': 0.0, 'w.hop_kick_fall': -1000.0, 'rsi_ours': 0.15, 'rsi_bhuman': 0.1, 'w.style_advantage': 1500.0, 'w.long_kick_speed_linear': 800.0, 'desired_kl': 0.004, 'w.kick_rest_accuracy': 1000.0, 'w.action_rate_l2': -0.15, 'c.action_rate_l2': 0.75, 't.aim_tight': 600.0} (parent h011_c2_17750)
- 2026-10-08 18:06 h014_c1: reward program h014_c1.json
- 2026-10-08 18:06 h014_c0: reward program h014_c0.json
- 2026-10-08 18:57 [hier] h014_c0 model_17900: screen +38.7
- 2026-10-08 18:57 [hier] h014_c1 model_17900: screen +55.7
- 2026-10-08 18:59 [hier] h014_c0 model_18000: screen +54.7
- 2026-10-08 19:00 [hier] h014_c1 model_18000: screen +61.8
- 2026-10-08 19:02 [hier] h014_c0 model_18100: screen +56.1
- 2026-10-08 19:02 [hier] h014_c1 model_18100: screen +39.6
- 2026-10-08 19:04 [hier] h014_c0 model_18200: screen +52.2
- 2026-10-08 19:05 [hier] h014_c1 model_18200: screen +27.0
- 2026-10-08 19:07 [hier] h014_c0 model_18250: screen +32.6
- 2026-10-08 19:07 h014_c2: reward program h014_c2.json
- 2026-10-08 19:07 [hier] h014_c1 model_18250: screen +37.4
- 2026-10-08 19:31 [hier] h014_c2 model_17900: screen +48.2
- 2026-10-08 19:33 [hier] h014_c2 model_18000: screen +32.4
- 2026-10-08 19:34 [hier] h014_c2 model_18100: screen +44.8
- 2026-10-08 19:36 [hier] h014_c2 model_18200: screen +35.7
- 2026-10-08 19:38 [hier] h014_c2 model_18250: screen +24.1
- 2026-10-08 19:56 [hier] h014_c1_18000: v2 score +137.33, regressions ['full_loop/camera/typical:action_rate:high', 'close_any/camera/typical:action_rate:high', 'approach/camera/typical:action_rate:high', 'close_any/heavy/camera/typical:long_3d:high', 'full_loop/camera/typical:style_selection_pct:low']
- 2026-10-08 19:58 h014_c1_18000: blend 0.7/0.3 with champion, screen +23.7
- 2026-10-08 20:00 h014_c1_18000: blend 0.5/0.5 with champion, screen +43.1
- 2026-10-08 20:02 h014_c1_18000: blend 0.3/0.7 with champion, screen +41.5
- 2026-10-08 20:20 h014_c1_18000_x50: score +105.45 vs h010_c2_17850_x70_2seed, regressions ['close_any/camera/typical:action_rate:high', 'full_loop/camera/typical:style_selection_pct:high']
- 2026-10-08 20:20 [hier] h014: context best now h014_c1_18000 (+137.3, 5 regressions)
- 2026-10-08 20:20 [hier] context closed without promotion: smooth + stable actions (user 2026-10-08): action_rate held at 0.75x the parent level by dual ascent, power + style_advantage kept; stall {'L1': 0, 'L2': 1, 'L3': 0}
- 2026-10-08 20:20 [hier] h015 L1@L5: add template far_cap_tracking | in keep h011 long power (3D 4.4-4.5 m/s) and fix its high-cap regressions: smoother actions (action_rate -0.15), style_advantage kept genes {'s.spawn_any_prob': 0.15, 's.far_spawn_prob': 0.1, 's.unknown_start_prob': 0.15, 'k.STYLE_MAP': 'free', 'k.STYLE_SHARE_INSIDE': 0.0, 'k.STYLE_SHARE_HOP': 0.0, 'w.inside_foot_style': 0.0, 'w.hop_kick_style': 0.0, 't.hop_power_long': 0.0, 'w.hop_kick_fall': -1000.0, 'rsi_ours': 0.15, 'rsi_bhuman': 0.1, 'w.style_advantage': 1500.0, 'w.long_kick_speed_linear': 800.0, 'desired_kl': 0.004, 'w.kick_rest_accuracy': 1000.0, 'w.action_rate_l2': -0.15, 't.far_cap_tracking': 6.0} (parent h011_c2_17750)
- 2026-10-08 20:20 h015_c0: reward program h015_c0.json
- 2026-10-08 20:20 h015_c1: reward program h015_c1.json
- 2026-10-08 21:13 [hier] h015_c0 model_17900: screen +31.5
- 2026-10-08 21:13 [hier] h015_c1 model_17900: screen +52.3
- 2026-10-08 21:16 [hier] h015_c0 model_18000: screen +12.6
- 2026-10-08 21:17 [hier] h015_c1 model_18000: screen +49.4
- 2026-10-08 21:19 [hier] h015_c0 model_18100: screen +25.8
- 2026-10-08 21:19 [hier] h015_c1 model_18100: screen +44.1
- 2026-10-08 21:22 [hier] h015_c0 model_18200: screen +31.9
- 2026-10-08 21:22 [hier] h015_c1 model_18200: screen +21.9
- 2026-10-08 21:24 [hier] h015_c1 model_18250: screen +18.8
- 2026-10-08 21:24 h015_c2: reward program h015_c2.json
- 2026-10-08 21:24 [hier] h015_c0 model_18250: screen +33.6
- 2026-10-08 21:48 [hier] h015_c2 model_17900: screen +24.5
- 2026-10-08 21:50 [hier] h015_c2 model_18000: screen +12.8
- 2026-10-08 21:51 [hier] h015_c2 model_18100: screen +39.1
- 2026-10-08 21:53 [hier] h015_c2 model_18200: screen +19.5
- 2026-10-08 21:55 [hier] h015_c2 model_18250: screen -5.4
- 2026-10-08 21:57 [hier] h015: blend 0.7/0.3 with champion, screen +17.7
- 2026-10-08 21:59 [hier] h015: blend 0.5/0.5 with champion, screen +43.0
- 2026-10-08 22:01 [hier] h015: blend 0.3/0.7 with champion, screen +47.7
- 2026-10-08 22:01 [hier] h015: not improving: best screen +52.3 (blend +47.7) vs parent +55.2 - moving on
- 2026-10-08 22:01 [hier] context opened (L2): smooth near the ball (user 2026-10-08): CAPS on the deterministic action, temporal 1.3, near-ball scale 0.5 -> 0.8; drop the action_rate constraint (noise-dominated); from h012_c1_18000 (power kept, close_any action_rate:high + heavy long regressions); env since 2026-10-08 21:30: ball 0.07-0.13 m / 0.05-0.45 kg, foot_flat settle 60 ms, touchdown_speed -50 (quiet steps) {'s.spawn_any_prob': 0.15, 's.far_spawn_prob': 0.1, 's.unknown_start_prob': 0.15, 'k.STYLE_MAP': 'free', 'k.STYLE_SHARE_INSIDE': 0.0, 'k.STYLE_SHARE_HOP': 0.0, 'w.inside_foot_style': 0.0, 'w.hop_kick_style': 0.0, 't.hop_power_long': 0.0, 'w.hop_kick_fall': -1000.0, 'rsi_ours': 0.15, 'rsi_bhuman': 0.1, 'w.style_advantage': 1500.0, 'w.long_kick_speed_linear': 800.0, 'desired_kl': 0.004, 'w.kick_rest_accuracy': 1000.0, 'caps_temporal_coef': 1.3, 'caps_near_ball_scale': 0.8}, budget 2
- 2026-10-08 22:01 [hier] h016 L2: smooth near the ball (user 2026-10-08): CAPS on the deterministic action, temporal 1.3, near-ball scale 0.5 -> 0.8; drop the action_rate constraint (noise-dominated); from h012_c1_18000 (power kept, close_any action_rate:high + heavy long regressions); env since 2026-10-08 21:30: ball 0.07-0.13 m / 0.05-0.45 kg, foot_flat settle 60 ms, touchdown_speed -50 (quiet steps) genes {'s.spawn_any_prob': 0.15, 's.far_spawn_prob': 0.1, 's.unknown_start_prob': 0.15, 'k.STYLE_MAP': 'free', 'k.STYLE_SHARE_INSIDE': 0.0, 'k.STYLE_SHARE_HOP': 0.0, 'w.inside_foot_style': 0.0, 'w.hop_kick_style': 0.0, 't.hop_power_long': 0.0, 'w.hop_kick_fall': -1000.0, 'rsi_ours': 0.15, 'rsi_bhuman': 0.1, 'w.style_advantage': 1500.0, 'w.long_kick_speed_linear': 800.0, 'desired_kl': 0.004, 'w.kick_rest_accuracy': 1000.0, 'w.action_rate_l2': -0.15, 'caps_temporal_coef': 1.3, 'caps_near_ball_scale': 0.8} (parent h012_c1_18000)
- 2026-10-08 22:46 [hier] h016_c1 model_18150: screen -22.8
- 2026-10-08 22:46 [hier] h016_c0 model_18150: screen -26.5
- 2026-10-08 22:49 [hier] h016_c1 model_18250: screen -37.1
- 2026-10-08 22:49 [hier] h016_c0 model_18250: screen -26.7
- 2026-10-08 22:51 [hier] h016_c1 model_18350: screen -14.0
- 2026-10-08 22:51 [hier] h016_c0 model_18350: screen +49.8
- 2026-10-08 22:54 [hier] h016_c1 model_18450: screen -4.3
- 2026-10-08 22:54 [hier] h016_c0 model_18450: screen -11.2
- 2026-10-08 22:56 [hier] h016_c1 model_18500: screen -12.6
- 2026-10-08 22:56 [hier] h016_c0 model_18500: screen +6.5
- 2026-10-08 23:20 [hier] h016_c2 model_18150: screen -9.9
- 2026-10-08 23:22 [hier] h016_c2 model_18250: screen -16.8
- 2026-10-08 23:24 [hier] h016_c2 model_18350: screen +6.6
- 2026-10-08 23:26 [hier] h016_c2 model_18450: screen -12.2
- 2026-10-08 23:28 [hier] h016_c2 model_18500: screen -12.4
- 2026-10-08 23:29 [hier] h016: blend 0.7/0.3 with champion, screen +23.5
- 2026-10-08 23:31 [hier] h016: blend 0.5/0.5 with champion, screen +30.1
- 2026-10-08 23:33 [hier] h016: blend 0.3/0.7 with champion, screen +42.2
- 2026-10-08 23:33 [hier] h016: not improving: best screen +49.8 (blend +42.2) vs parent +67.3 - moving on
- 2026-10-08 23:33 [hier] stopped after 16 frames; champion h010_c2_17850_x70_2seed
- 2026-10-08 23:34 [hier] h017 L1@L2: add template quick_kick | in smooth near the ball (user 2026-10-08): CAPS on the deterministic action, temporal 1.3, near-ball scale 0.5 -> 0.8; drop the action_rate constraint (noise-dominated); from h012_c1_18000 (power kept, close_any action_rate:high + heavy long regressions); env since 2026-10-08 21:30: ball 0.07-0.13 m / 0.05-0.45 kg, foot_flat settle 60 ms, touchdown_speed -50 (quiet steps) genes {'s.spawn_any_prob': 0.15, 's.far_spawn_prob': 0.1, 's.unknown_start_prob': 0.15, 'k.STYLE_MAP': 'free', 'k.STYLE_SHARE_INSIDE': 0.0, 'k.STYLE_SHARE_HOP': 0.0, 'w.inside_foot_style': 0.0, 'w.hop_kick_style': 0.0, 't.hop_power_long': 0.0, 'w.hop_kick_fall': -1000.0, 'rsi_ours': 0.15, 'rsi_bhuman': 0.1, 'w.style_advantage': 1500.0, 'w.long_kick_speed_linear': 800.0, 'desired_kl': 0.004, 'w.kick_rest_accuracy': 1000.0, 'w.action_rate_l2': -0.15, 'caps_temporal_coef': 1.3, 'caps_near_ball_scale': 0.8, 't.quick_kick': 400.0} (parent h012_c1_18000)
- 2026-10-08 23:34 h017_c0: reward program h017_c0.json
- 2026-10-08 23:34 h017_c1: reward program h017_c1.json
- 2026-10-09 00:24 [hier] h017_c0 model_18150: screen +21.9
- 2026-10-09 00:24 [hier] h017_c1 model_18150: screen +10.2
- 2026-10-09 00:27 [hier] h017_c0 model_18250: screen +2.0
- 2026-10-09 00:27 [hier] h017_c1 model_18250: screen -6.4
- 2026-10-09 00:30 [hier] h017_c1 model_18350: screen -11.4
- 2026-10-09 00:30 [hier] h017_c0 model_18350: screen -10.8
- 2026-10-09 00:33 [hier] h017_c1 model_18450: screen -16.5
- 2026-10-09 00:33 [hier] h017_c0 model_18450: screen +23.9
- 2026-10-09 00:36 [hier] h017_c1 model_18500: screen -31.5
- 2026-10-09 00:36 h017_c2: reward program h017_c2.json
- 2026-10-09 00:36 [hier] h017_c0 model_18500: screen +54.5
- 2026-10-09 00:59 [hier] h017_c2 model_18150: screen -60.5
- 2026-10-09 01:01 [hier] h017_c2 model_18250: screen -60.3
- 2026-10-09 01:04 [hier] h017_c2 model_18350: screen -36.5
- 2026-10-09 01:06 [hier] h017_c2 model_18450: screen -109.1
- 2026-10-09 01:08 [hier] h017_c2 model_18500: screen -89.9
- 2026-10-09 01:12 [hier] h017: blend 0.7/0.3 with champion, screen +18.6
- 2026-10-09 01:14 [hier] h017: blend 0.5/0.5 with champion, screen +29.0
- 2026-10-09 01:17 [hier] h017: blend 0.3/0.7 with champion, screen +39.1
- 2026-10-09 01:17 [hier] h017: not improving: best screen +54.5 (blend +39.1) vs parent +67.5 - moving on
- 2026-10-09 01:17 [hier] context opened (L3): cold starts with the ball behind (runswift goal grid, aligned fixture: every miss of h014 at high caps is a fall within 0.8 s of a standing start with the ball ~10 m behind; training only reset from moving motion clips): stand_start 0.35, spawn_any 0.3, far spawn 0.2; CAPS back to defaults; from h012_c1_18000 {'stand_start_prob': 0.35, 's.spawn_any_prob': 0.3, 's.far_spawn_prob': 0.2, 'caps_temporal_coef': 1.0, 'caps_near_ball_scale': 0.5}, budget 3
- 2026-10-09 01:17 [hier] h018 L3: cold starts with the ball behind (runswift goal grid, aligned fixture: every miss of h014 at high caps is a fall within 0.8 s of a standing start with the ball ~10 m behind; training only reset from moving motion clips): stand_start 0.35, spawn_any 0.3, far spawn 0.2; CAPS back to defaults; from h012_c1_18000 genes {'s.spawn_any_prob': 0.3, 's.far_spawn_prob': 0.2, 's.unknown_start_prob': 0.15, 'k.STYLE_MAP': 'free', 'k.STYLE_SHARE_INSIDE': 0.0, 'k.STYLE_SHARE_HOP': 0.0, 'w.inside_foot_style': 0.0, 'w.hop_kick_style': 0.0, 't.hop_power_long': 0.0, 'w.hop_kick_fall': -1000.0, 'rsi_ours': 0.15, 'rsi_bhuman': 0.1, 'w.style_advantage': 1500.0, 'w.long_kick_speed_linear': 800.0, 'desired_kl': 0.004, 'w.kick_rest_accuracy': 1000.0, 'w.action_rate_l2': -0.15, 'caps_temporal_coef': 1.0, 'caps_near_ball_scale': 0.5, 'stand_start_prob': 0.35} (parent h012_c1_18000)
- 2026-10-09 01:52 h018_c0: training exited early (code 143)
- 2026-10-09 01:55 h018_c1: training exited early (code 143)
- 2026-10-09 01:56 [hier] h018_c0 model_18150: screen -30.0
- 2026-10-09 01:58 [hier] h018_c1 model_18150: screen -37.8
- 2026-10-09 01:59 [hier] h018_c0 model_18250: screen -105.9
- 2026-10-09 02:00 [hier] h018_c1 model_18250: screen -5.2
- 2026-10-09 02:01 [hier] h018_c0 model_18350: screen -121.1
- 2026-10-09 02:04 [hier] h018_c1 model_18350: screen +17.9
- 2026-10-09 02:11 [hier] h018_c1 model_18450: screen -181.1
- 2026-10-09 02:28 [hier] h018_c2 model_18150: screen -3.8
- 2026-10-09 02:30 [hier] h018_c2 model_18250: screen -57.1
- 2026-10-09 02:33 [hier] h018_c2 model_18350: screen -8.3
- 2026-10-09 02:35 [hier] h018_c2 model_18450: screen -140.8
- 2026-10-09 02:38 [hier] h018_c2 model_18500: screen -40.7
- 2026-10-09 02:42 [hier] h018: blend 0.7/0.3 with champion, screen +5.1
- 2026-10-09 02:45 [hier] h018: blend 0.5/0.5 with champion, screen +10.1
- 2026-10-09 02:47 [hier] h018: blend 0.3/0.7 with champion, screen +5.7
- 2026-10-09 02:47 [hier] h018: not improving: best screen +17.9 (blend +10.1) vs parent +81.8 - moving on
- 2026-10-09 02:47 [hier] context opened (L3): world-model ball (2026-10-09): the runswift harness (truth inputs) and v2 'world' perception report a ball 10 m behind as seen; training never did (world_ball_prob 0: only camera view, memory, or the lost virtual ball), and the champion falls 32-40 % in exactly that start. s.world_ball_prob 0.3 with the cold starts (stand 0.35, ball behind 0.3, far 0.2), alive +2/s, touchdown -15; from h012_c1_18000 {'s.world_ball_prob': 0.3}, budget 3
- 2026-10-09 02:47 [hier] h019 L3: world-model ball (2026-10-09): the runswift harness (truth inputs) and v2 'world' perception report a ball 10 m behind as seen; training never did (world_ball_prob 0: only camera view, memory, or the lost virtual ball), and the champion falls 32-40 % in exactly that start. s.world_ball_prob 0.3 with the cold starts (stand 0.35, ball behind 0.3, far 0.2), alive +2/s, touchdown -15; from h012_c1_18000 genes {'s.spawn_any_prob': 0.3, 's.far_spawn_prob': 0.2, 's.unknown_start_prob': 0.15, 'k.STYLE_MAP': 'free', 'k.STYLE_SHARE_INSIDE': 0.0, 'k.STYLE_SHARE_HOP': 0.0, 'w.inside_foot_style': 0.0, 'w.hop_kick_style': 0.0, 't.hop_power_long': 0.0, 'w.hop_kick_fall': -1000.0, 'rsi_ours': 0.15, 'rsi_bhuman': 0.1, 'w.style_advantage': 1500.0, 'w.long_kick_speed_linear': 800.0, 'desired_kl': 0.004, 'w.kick_rest_accuracy': 1000.0, 'w.action_rate_l2': -0.15, 'caps_temporal_coef': 1.0, 'caps_near_ball_scale': 0.5, 'stand_start_prob': 0.35, 's.world_ball_prob': 0.3} (parent h012_c1_18000)
- 2026-10-09 03:00 h019_c1: training exited early (code 143)
- 2026-10-09 03:03 h019_c0: training exited early (code 143)
- 2026-10-09 03:10 h019_c2: training exited early (code 143)
- 2026-10-09 03:10 [hier] h020 L1@L3: add template aim_tight | in world-model ball (2026-10-09): the runswift harness (truth inputs) and v2 'world' perception report a ball 10 m behind as seen; training never did (world_ball_prob 0: only camera view, memory, or the lost virtual ball), and the champion falls 32-40 % in exactly that start. s.world_ball_prob 0.3 with the cold starts (stand 0.35, ball behind 0.3, far 0.2), alive +2/s, touchdown -15; from h012_c1_18000 genes {'s.spawn_any_prob': 0.3, 's.far_spawn_prob': 0.2, 's.unknown_start_prob': 0.15, 'k.STYLE_MAP': 'free', 'k.STYLE_SHARE_INSIDE': 0.0, 'k.STYLE_SHARE_HOP': 0.0, 'w.inside_foot_style': 0.0, 'w.hop_kick_style': 0.0, 't.hop_power_long': 0.0, 'w.hop_kick_fall': -1000.0, 'rsi_ours': 0.15, 'rsi_bhuman': 0.1, 'w.style_advantage': 1500.0, 'w.long_kick_speed_linear': 800.0, 'desired_kl': 0.004, 'w.kick_rest_accuracy': 1000.0, 'w.action_rate_l2': -0.15, 'caps_temporal_coef': 1.0, 'caps_near_ball_scale': 0.5, 'stand_start_prob': 0.35, 's.world_ball_prob': 0.3, 't.aim_tight': 600.0} (parent h012_c1_18000)
- 2026-10-09 03:10 h020_c1: reward program h020_c1.json
- 2026-10-09 03:10 h020_c0: reward program h020_c0.json
- 2026-10-09 03:11 h020_c0: training exited early (code 143)
- 2026-10-09 03:11 h020_c1: training exited early (code 143)
- 2026-10-09 03:11 h020_c2: reward program h020_c2.json
- 2026-10-09 03:42 [hier] h020_c2 model_18150: screen +40.4
- 2026-10-09 03:45 [hier] h020_c2 model_18250: screen -1.9
- 2026-10-09 03:48 [hier] h020_c2 model_18350: screen -10.9
- 2026-10-09 03:51 [hier] h020_c2 model_18450: screen +17.1
- 2026-10-09 03:55 [hier] h020_c2 model_18500: screen +59.1
- 2026-10-09 03:59 [hier] h020: blend 0.7/0.3 with champion, screen +10.9
- 2026-10-09 04:05 [hier] h020: blend 0.5/0.5 with champion, screen +15.8
- 2026-10-09 04:11 [hier] h020: blend 0.3/0.7 with champion, screen +34.8
- 2026-10-09 04:11 [hier] h020: not improving: best screen +59.1 (blend +34.8) vs parent +77.5 - moving on
- 2026-10-09 04:11 [hier] h021 L1@L3: add template aim_tight | in world-model ball (2026-10-09): the runswift harness (truth inputs) and v2 'world' perception report a ball 10 m behind as seen; training never did (world_ball_prob 0: only camera view, memory, or the lost virtual ball), and the champion falls 32-40 % in exactly that start. s.world_ball_prob 0.3 with the cold starts (stand 0.35, ball behind 0.3, far 0.2), alive +2/s, touchdown -15; from h012_c1_18000 genes {'s.spawn_any_prob': 0.3, 's.far_spawn_prob': 0.2, 's.unknown_start_prob': 0.15, 'k.STYLE_MAP': 'free', 'k.STYLE_SHARE_INSIDE': 0.0, 'k.STYLE_SHARE_HOP': 0.0, 'w.inside_foot_style': 0.0, 'w.hop_kick_style': 0.0, 't.hop_power_long': 0.0, 'w.hop_kick_fall': -1000.0, 'rsi_ours': 0.15, 'rsi_bhuman': 0.1, 'w.style_advantage': 1500.0, 'w.long_kick_speed_linear': 800.0, 'desired_kl': 0.004, 'w.kick_rest_accuracy': 1000.0, 'w.action_rate_l2': -0.15, 'caps_temporal_coef': 1.0, 'caps_near_ball_scale': 0.5, 'stand_start_prob': 0.35, 's.world_ball_prob': 0.3, 't.aim_tight': 600.0} (parent h012_c1_18000)
- 2026-10-09 04:11 h021_c0: reward program h021_c0.json
- 2026-10-09 04:11 h021_c1: reward program h021_c1.json
- 2026-10-09 05:16 [hier] h021_c1 model_18150: screen +31.9
- 2026-10-09 05:16 [hier] h021_c0 model_18150: screen +42.3
- 2026-10-09 05:21 [hier] h021_c0 model_18250: screen +26.5
- 2026-10-09 05:21 [hier] h021_c1 model_18250: screen +44.9
- 2026-10-09 05:26 [hier] h021_c0 model_18350: screen +10.3
- 2026-10-09 05:26 [hier] h021_c1 model_18350: screen +44.0
- 2026-10-09 05:30 [hier] h021_c0 model_18450: screen +34.3
- 2026-10-09 05:30 [hier] h021_c1 model_18450: screen +33.8
- 2026-10-09 05:35 [hier] h021_c0 model_18500: screen +51.7
- 2026-10-09 05:35 h021_c2: reward program h021_c2.json
- 2026-10-09 05:35 [hier] h021_c1 model_18500: screen +25.0
- 2026-10-09 06:00 [hier] h021_c2 model_18150: screen +29.1
- 2026-10-09 06:03 [hier] h021_c2 model_18250: screen +32.4
- 2026-10-09 06:05 [hier] h021_c2 model_18350: screen +36.1
- 2026-10-09 06:07 [hier] h021_c2 model_18450: screen +68.9
- 2026-10-09 06:10 [hier] h021_c2 model_18500: screen +49.4
- 2026-10-09 06:12 [hier] h021: blend 0.7/0.3 with champion, screen +28.0
- 2026-10-09 06:15 [hier] h021: blend 0.5/0.5 with champion, screen +36.6
- 2026-10-09 06:17 [hier] h021: blend 0.3/0.7 with champion, screen +60.6
- 2026-10-09 06:17 [hier] h021: not improving: best screen +68.9 (blend +60.6) vs parent +77.5 - moving on
- 2026-10-09 06:17 [hier] context closed without promotion: world-model ball (2026-10-09): the runswift harness (truth inputs) and v2 'world' perception report a ball 10 m behind as seen; training never did (world_ball_prob 0: only camera view, memory, or the lost virtual ball), and the champion falls 32-40 % in exactly that start. s.world_ball_prob 0.3 with the cold starts (stand 0.35, ball behind 0.3, far 0.2), alive +2/s, touchdown -15; from h012_c1_18000; stall {'L1': 0, 'L2': 1, 'L3': 1}
- 2026-10-09 06:17 [hier] h022 L1@L3: add template far_cap_tracking | in cold starts with the ball behind (runswift goal grid, aligned fixture: every miss of h014 at high caps is a fall within 0.8 s of a standing start with the ball ~10 m behind; training only reset from moving motion clips): stand_start 0.35, spawn_any 0.3, far spawn 0.2; CAPS back to defaults; from h012_c1_18000 genes {'s.spawn_any_prob': 0.3, 's.far_spawn_prob': 0.2, 's.unknown_start_prob': 0.15, 'k.STYLE_MAP': 'free', 'k.STYLE_SHARE_INSIDE': 0.0, 'k.STYLE_SHARE_HOP': 0.0, 'w.inside_foot_style': 0.0, 'w.hop_kick_style': 0.0, 't.hop_power_long': 0.0, 'w.hop_kick_fall': -1000.0, 'rsi_ours': 0.15, 'rsi_bhuman': 0.1, 'w.style_advantage': 1500.0, 'w.long_kick_speed_linear': 800.0, 'desired_kl': 0.004, 'w.kick_rest_accuracy': 1000.0, 'w.action_rate_l2': -0.15, 'caps_temporal_coef': 1.0, 'caps_near_ball_scale': 0.5, 'stand_start_prob': 0.35, 't.far_cap_tracking': 6.0} (parent h012_c1_18000)
- 2026-10-09 06:17 h022_c0: reward program h022_c0.json
- 2026-10-09 06:17 h022_c1: reward program h022_c1.json
- 2026-10-09 07:04 [hier] h022_c0 model_18150: screen +31.5
- 2026-10-09 07:04 [hier] h022_c1 model_18150: screen +49.4
- 2026-10-09 07:07 [hier] h022_c1 model_18250: screen +17.8
- 2026-10-09 07:07 [hier] h022_c0 model_18250: screen +34.9
- 2026-10-09 07:11 [hier] h022_c0 model_18350: screen +32.7
- 2026-10-09 07:11 [hier] h022_c1 model_18350: screen +27.3
- 2026-10-09 07:14 [hier] h022_c0 model_18450: screen +28.1
- 2026-10-09 07:14 [hier] h022_c1 model_18450: screen +36.6
- 2026-10-09 07:17 [hier] h022_c0 model_18500: screen +39.9
- 2026-10-09 07:17 h022_c2: reward program h022_c2.json
- 2026-10-09 07:17 [hier] h022_c1 model_18500: screen +32.7
- 2026-10-09 07:40 [hier] h022_c2 model_18150: screen +41.0
- 2026-10-09 07:43 [hier] h022_c2 model_18250: screen +56.3
- 2026-10-09 07:45 [hier] h022_c2 model_18350: screen +20.1
- 2026-10-09 07:48 [hier] h022_c2 model_18450: screen +46.0
- 2026-10-09 07:50 [hier] h022_c2 model_18500: screen +43.6
- 2026-10-09 07:53 [hier] h022: blend 0.7/0.3 with champion, screen +26.4
- 2026-10-09 07:55 [hier] h022: blend 0.5/0.5 with champion, screen +20.6
- 2026-10-09 07:57 [hier] h022: blend 0.3/0.7 with champion, screen +27.3
- 2026-10-09 07:57 [hier] h022: not improving: best screen +56.3 (blend +27.3) vs parent +77.5 - moving on
- 2026-10-09 07:57 [hier] h023 L1@L3: add template long_power_ramp | in cold starts with the ball behind (runswift goal grid, aligned fixture: every miss of h014 at high caps is a fall within 0.8 s of a standing start with the ball ~10 m behind; training only reset from moving motion clips): stand_start 0.35, spawn_any 0.3, far spawn 0.2; CAPS back to defaults; from h012_c1_18000 genes {'s.spawn_any_prob': 0.3, 's.far_spawn_prob': 0.2, 's.unknown_start_prob': 0.15, 'k.STYLE_MAP': 'free', 'k.STYLE_SHARE_INSIDE': 0.0, 'k.STYLE_SHARE_HOP': 0.0, 'w.inside_foot_style': 0.0, 'w.hop_kick_style': 0.0, 't.hop_power_long': 0.0, 'w.hop_kick_fall': -1000.0, 'rsi_ours': 0.15, 'rsi_bhuman': 0.1, 'w.style_advantage': 1500.0, 'w.long_kick_speed_linear': 800.0, 'desired_kl': 0.004, 'w.kick_rest_accuracy': 1000.0, 'w.action_rate_l2': -0.15, 'caps_temporal_coef': 1.0, 'caps_near_ball_scale': 0.5, 'stand_start_prob': 0.35, 't.long_power_ramp': 1500.0} (parent h012_c1_18000)
- 2026-10-09 07:57 h023_c1: reward program h023_c1.json
- 2026-10-09 07:57 h023_c0: reward program h023_c0.json
- 2026-10-09 10:06 [hier] context opened (L2): fix h022_c2_18450's two regressions (seed 1 +172.9 / seed 2 +126.5 vs champion; camera runswift 90/90 goals 0 falls; quietest landings): low-cap approach first-kick 61 % vs 70 % (walk at the cap: walk_speed_track 6 -> 8) and action_rate high +0.007 (CAPS temporal 1.3); ball frame trunk 0.3; from h022_c2_18450 {'w.walk_speed_track': 8.0, 'caps_temporal_coef': 1.3, 's.ball_origin_trunk_prob': 0.3}, budget 2
- 2026-10-09 10:06 [hier] h023 L2: fix h022_c2_18450's two regressions (seed 1 +172.9 / seed 2 +126.5 vs champion; camera runswift 90/90 goals 0 falls; quietest landings): low-cap approach first-kick 61 % vs 70 % (walk at the cap: walk_speed_track 6 -> 8) and action_rate high +0.007 (CAPS temporal 1.3); ball frame trunk 0.3; from h022_c2_18450 genes {'s.spawn_any_prob': 0.3, 's.far_spawn_prob': 0.2, 's.unknown_start_prob': 0.15, 'k.STYLE_MAP': 'free', 'k.STYLE_SHARE_INSIDE': 0.0, 'k.STYLE_SHARE_HOP': 0.0, 'w.inside_foot_style': 0.0, 'w.hop_kick_style': 0.0, 't.hop_power_long': 0.0, 'w.hop_kick_fall': -1000.0, 'rsi_ours': 0.15, 'rsi_bhuman': 0.1, 'w.style_advantage': 1500.0, 'w.long_kick_speed_linear': 800.0, 'desired_kl': 0.004, 'w.kick_rest_accuracy': 1000.0, 'w.action_rate_l2': -0.15, 'caps_temporal_coef': 1.3, 'caps_near_ball_scale': 0.5, 'stand_start_prob': 0.35, 'w.walk_speed_track': 8.0, 's.ball_origin_trunk_prob': 0.3} (parent h022_c2_18450)
- 2026-10-09 11:26 [hier] h023_c1 model_18600: screen +35.4
- 2026-10-09 11:26 [hier] h023_c0 model_18600: screen +25.6
- 2026-10-09 11:33 [hier] h023_c1 model_18700: screen +29.6
- 2026-10-09 11:34 [hier] h023_c0 model_18700: screen +41.2
- 2026-10-09 11:40 [hier] h023_c1 model_18800: screen +30.4
- 2026-10-09 11:41 [hier] h023_c0 model_18800: screen +16.6
- 2026-10-09 11:48 [hier] h023_c1 model_18900: screen +3.4
- 2026-10-09 11:49 [hier] h023_c0 model_18900: screen +38.4
- 2026-10-09 11:56 [hier] h023_c1 model_18950: screen +25.9
- 2026-10-09 11:57 [hier] h023_c0 model_18950: screen +35.2
- 2026-10-09 13:14 [hier] h023_c2 model_18600: screen -1.8
- 2026-10-09 13:23 [hier] h023_c2 model_18700: screen +0.0
- 2026-10-09 13:26 [hier] h023_c2 model_18800: screen +24.2
- 2026-10-09 13:29 [hier] h023_c2 model_18900: screen +12.3
- 2026-10-09 13:33 [hier] h023_c2 model_18950: screen +30.7
- 2026-10-09 13:39 [hier] h023: blend 0.7/0.3 with champion, screen +17.8
- 2026-10-09 13:46 [hier] h023: blend 0.5/0.5 with champion, screen +21.5
- 2026-10-09 13:52 [hier] h023: blend 0.3/0.7 with champion, screen +37.7
- 2026-10-09 13:52 [hier] h023: not improving: best screen +41.2 (blend +37.7) vs parent +58.0 - moving on
- 2026-10-09 13:52 [hier] STOP_AFTER_FRAME found; stopping
- 2026-10-09 13:52 [hier] stopped after 23 frames; champion h022_c2_18450_2seed
