- 2026-10-06 11:13 re-scored evo_g001_14450: -8.98, regressions ['h2h_long_3d', 'h2h_long_knee_p90', 'bumps_goals', 'flat_goals', 'moving_goals', 'short_stop_m', 'height_fast_m', 'caps_fast_vx', 'approach_kick_pct:missing', 'approach_first_s:missing', 'approach_on_target_pct:missing', 'approach_vx:missing']
- 2026-10-06 11:13 re-scored evo_g001_14700: -12.05, regressions ['h2h_aim_pct(anchor)', 'h2h_long_3d', 'h2h_long_aim_pct', 'bumps_goals', 'flat_goals', 'moving_goals', 'long_x_needed', 'caps_fast_vx', 'approach_kick_pct:missing', 'approach_first_s:missing', 'approach_on_target_pct:missing', 'approach_vx:missing']
- 2026-10-06 11:13 re-scored evo_g002_14450: -22.78, regressions ['h2h_first_on_target_pct', 'h2h_aim_pct(anchor)', 'h2h_long_3d', 'h2h_long_knee_p90', 'bumps_goals', 'flat_goals', 'moving_goals', 'long_x_needed', 'approach_kick_pct:missing', 'approach_first_s:missing', 'approach_on_target_pct:missing', 'approach_vx:missing']
- 2026-10-06 11:13 re-scored evo_g002_14700: -26.57, regressions ['h2h_aim_pct', 'h2h_long_aim_pct', 'h2h_long_knee_p90', 'bumps_goals', 'flat_goals', 'moving_goals', 'short_stop_m', 'approach_kick_pct:missing', 'approach_first_s:missing', 'approach_on_target_pct:missing', 'approach_vx:missing']
- 2026-10-06 11:13 re-scored evo_g003_14450: -37.56, regressions ['h2h_first_kick_s', 'h2h_long_3d', 'h2h_long_knee_p90', 'h2h_support_planted_pct', 'bumps_goals', 'flat_goals', 'moving_goals', 'long_x_needed', 'lean_fast_deg(anchor)', 'height_fast_m', 'caps_fast_vx', 'approach_kick_pct:missing', 'approach_first_s:missing', 'approach_on_target_pct:missing', 'approach_vx:missing']
- 2026-10-06 11:13 re-scored evo_g003_14700: -23.19, regressions ['h2h_first_kick_s', 'h2h_first_on_target_pct', 'h2h_long_3d', 'h2h_support_planted_pct', 'bumps_late_falls_pct', 'flat_late_falls_pct', 'push_late_falls_pct', 'long_x_needed', 'approach_kick_pct:missing', 'approach_first_s:missing', 'approach_on_target_pct:missing', 'approach_vx:missing']
- 2026-10-06 11:13 re-scored evo_g004_14300: -17.20, regressions ['h2h_aim_pct(anchor)', 'h2h_long_knee_p90', 'bumps_goals', 'flat_goals', 'flat_late_falls_pct', 'push_late_falls_pct', 'moving_goals', 'long_air15_pct', 'approach_kick_pct:missing', 'approach_first_s:missing', 'approach_on_target_pct:missing', 'approach_vx:missing']
- 2026-10-06 11:13 re-scored evo_g005_14600: -12.95, regressions ['h2h_first_kick_s', 'h2h_support_planted_pct', 'bumps_goals', 'flat_goals', 'flat_late_falls_pct', 'moving_goals', 'short_stop_m', 'approach_kick_pct:missing', 'approach_first_s:missing', 'approach_on_target_pct:missing', 'approach_vx:missing']
- 2026-10-06 11:13 re-scored evo_g006_14700: -21.85, regressions ['h2h_long_knee_p90', 'h2h_support_planted_pct', 'short_stop_m', 'approach_kick_pct:missing', 'approach_first_s:missing', 'approach_on_target_pct:missing', 'approach_vx:missing']
- 2026-10-06 11:13 re-scored evo_g008_14450: -5.25, regressions ['h2h_long_knee_p90', 'h2h_support_planted_pct', 'bumps_goals', 'flat_late_falls_pct', 'moving_goals', 'approach_kick_pct:missing', 'approach_first_s:missing', 'approach_on_target_pct:missing', 'approach_vx:missing']
- 2026-10-06 11:13 re-scored evo_g009_14600: -25.99, regressions ['h2h_first_kick_s', 'h2h_long_knee_p90', 'h2h_support_planted_pct', 'bumps_goals', 'flat_goals', 'moving_goals', 'short_stop_m', 'approach_kick_pct', 'approach_first_s', 'approach_vx']
- 2026-10-06 11:13 evo_g011: queued experiment genes
- 2026-10-06 11:13 evo_g011: parent x4_g004_70_2seed, changed genes {'rsi_bhuman': 0.2, 'k.SUPPORT_PLANT_FACTOR': 0.5, 'amp_kick_data': 1.0, 'k.KICK_STYLE_AMP': 1.0, 'w.side_foot_strike': 400.0}
- 2026-10-06 12:08 evo_g011: screen vs champion 14700:+1.9, 14600:+1.8, 14300:+1.4, 14500:-0.4, 14550:-1.2, 14450:-2.9, 14400:-3.1, 14650:-3.9, 14350:-4.8
- 2026-10-06 12:26 evo_g011_14700: score -8.68 vs x4_g004_70_2seed, regressions ['h2h_first_kick_s', 'bumps_goals', 'flat_goals', 'push_late_falls_pct', 'moving_goals', 'short_stop_m']
- 2026-10-06 12:29 evo_g011: blend 0.7/0.3 with champion, screen +2.0
- 2026-10-06 12:32 evo_g011: blend 0.5/0.5 with champion, screen +2.1
- 2026-10-06 12:50 evo_g011_x50: score -6.19 vs x4_g004_70_2seed, regressions ['h2h_first_kick_s', 'h2h_first_kick_pct']
- 2026-10-06 12:50 evo_g012: queued experiment genes
- 2026-10-06 12:50 evo_g012: parent x4_g004_70_2seed, changed genes {'rsi_bhuman': 0.1, 'imitation_coef': 0.5, 'imitation_decay_updates': 400, 'w.side_foot_strike': 200.0}
- 2026-10-06 13:44 evo_g012: screen vs champion 14700:-96.8, 14650:-101.5, 14600:-112.2, 14550:-116.6, 14500:-117.9, 14450:-124.0, 14400:-126.9, 14300:-127.0, 14350:-128.6
- 2026-10-06 13:47 evo_g012: blend 0.7/0.3 with champion, screen -31.0
- 2026-10-06 13:50 evo_g012: blend 0.5/0.5 with champion, screen -76.1
- 2026-10-06 13:50 evo_g013: parent x4_g004_70_2seed, changed genes {'w.long_kick_power': 2901.9558, 'w.torque_over_soft_limit': -160.5664, 'w.kick_rest_accuracy': 792.96, 'w.long_kick_underpower': -100.0, 'w.search_turn': 8.175, 'w.side_foot_strike': 59.1713, 't.aim_tight': 0.0, 't.far_cap_tracking': 6.0}
- 2026-10-06 13:50 evo_g013: reward program evo_g013.json
- 2026-10-06 14:42 evo_g013: screen vs champion 14500:+3.3, 14700:+2.8, 14550:+2.7, 14650:+2.4, 14450:+1.1, 14400:+0.8, 14300:-1.4, 14350:-1.6, 14600:-5.9
- 2026-10-06 15:00 evo_g013_14500: score -13.56 vs x4_g004_70_2seed, regressions ['h2h_first_kick_s', 'h2h_support_planted_pct', 'bumps_goals', 'flat_goals', 'moving_goals', 'approach_kick_pct']
- 2026-10-06 15:04 evo_g013: blend 0.7/0.3 with champion, screen +0.2
- 2026-10-06 15:07 evo_g013: blend 0.5/0.5 with champion, screen +1.9
- 2026-10-06 15:25 evo_g013_x50: score -14.74 vs x4_g004_70_2seed, regressions ['h2h_first_kick_s', 'h2h_support_planted_pct', 'bumps_goals', 'approach_kick_pct']
- 2026-10-06 15:25 evo_g014: parent x4_g004_70_2seed, changed genes {'w.long_kick_power': 3059.1549, 'k.MOMENTUM_KICK_MAX_SPEED': 0.9574, 't.aim_tight': 0.0, 't.long_power_ramp': 1500.0}
- 2026-10-06 15:25 evo_g014: reward program evo_g014.json
- 2026-10-06 16:18 evo_g014: screen vs champion 14550:+3.2, 14700:+1.0, 14600:+0.3, 14450:-1.3, 14650:-2.0, 14500:-3.0, 14400:-5.1, 14300:-6.5, 14350:-7.3
- 2026-10-06 16:36 evo_g014_14550: score -16.77 vs x4_g004_70_2seed, regressions ['h2h_first_kick_s', 'h2h_long_knee_p90', 'h2h_support_planted_pct', 'bumps_goals', 'bumps_late_falls_pct', 'flat_goals', 'moving_goals', 'short_stop_m', 'long_air15_pct', 'height_fast_m', 'caps_fast_vx(anchor)', 'approach_kick_pct', 'approach_first_s']
- 2026-10-06 16:39 evo_g014: blend 0.7/0.3 with champion, screen +1.6
- 2026-10-06 16:42 evo_g014: blend 0.5/0.5 with champion, screen +4.5
- 2026-10-06 17:01 evo_g014_x50: score -17.11 vs x4_g004_70_2seed, regressions ['h2h_first_kick_s', 'h2h_support_planted_pct', 'flat_goals', 'moving_goals']
- 2026-10-06 17:01 evo_g015: parent x4_g004_70_2seed, changed genes {'k.MOMENTUM_KICK_MAX_SPEED': 1.1042, 'w.side_foot_strike': 0.0, 't.upright_fast': -0.0062}
- 2026-10-06 17:01 evo_g015: reward program evo_g015.json
- 2026-10-06 18:01 evo_g015: screen vs champion 14700:+0.4, 14550:+0.2, 14300:-0.3, 14600:-1.3, 14500:-1.8, 14350:-2.0, 14450:-3.5, 14650:-4.5, 14400:-4.5
- 2026-10-06 18:22 evo_g015_14700: score -18.37 vs x4_g004_70_2seed, regressions ['h2h_first_kick_s', 'h2h_long_knee_p90', 'h2h_support_planted_pct', 'bumps_goals', 'moving_goals', 'approach_kick_pct']
- 2026-10-06 18:25 evo_g015: blend 0.7/0.3 with champion, screen -0.0
- 2026-10-06 18:28 evo_g015: blend 0.5/0.5 with champion, screen +1.2
- 2026-10-06 18:48 evo_g015_x50: score -15.62 vs x4_g004_70_2seed, regressions ['h2h_first_kick_s', 'h2h_first_kick_pct', 'h2h_support_planted_pct', 'bumps_late_falls_pct', 'approach_kick_pct']
- 2026-10-06 18:48 evo_g016: queued experiment genes
- 2026-10-06 18:48 evo_g016: parent x4_g004_70_2seed, changed genes {'t.far_cap_tracking': 6.0}
- 2026-10-06 18:48 evo_g016: reward program evo_g016.json
- 2026-10-06 19:37 evo_g016: screen vs champion 14400:+3.6, 14700:+0.6, 14600:-1.2, 14300:-2.5, 14500:-3.7, 14350:-5.5, 14450:-12.4, 14550:-18.0, 14650:-19.3
- 2026-10-06 19:56 evo_g016_14400: score -18.21 vs x4_g004_70_2seed, regressions ['h2h_aim_pct(anchor)', 'h2h_long_knee_p90', 'h2h_support_planted_pct', 'bumps_goals', 'flat_goals', 'moving_goals', 'short_stop_m']
- 2026-10-06 20:00 evo_g016: blend 0.7/0.3 with champion, screen +3.5
- 2026-10-06 20:03 evo_g016: blend 0.5/0.5 with champion, screen +3.0
- 2026-10-06 20:22 evo_g016_x70: score -14.06 vs x4_g004_70_2seed, regressions ['h2h_first_kick_s', 'moving_goals', 'short_stop_m']
- 2026-10-06 20:22 evo_g017: parent x4_g004_70_2seed, changed genes {'w.search_turn': 8.5074, 'rsi_bhuman': 0.2445, 'desired_kl': 0.0101, 't.far_cap_tracking': 1.1967, 't.long_power_ramp': 0.0, 't.upright_fast': -1.0}
- 2026-10-06 20:22 evo_g017: reward program evo_g017.json
- 2026-10-06 21:11 evo_g017: screen vs champion 14450:+3.1, 14300:+2.6, 14650:+0.8, 14600:-0.0, 14550:-1.6, 14500:-2.4, 14700:-3.4, 14400:-4.8, 14350:-5.2
- 2026-10-06 21:31 evo_g017_14450: score -10.87 vs x4_g004_70_2seed, regressions ['h2h_support_planted_pct', 'bumps_goals', 'bumps_late_falls_pct', 'flat_goals', 'moving_goals', 'caps_fast_vx', 'approach_kick_pct', 'approach_first_s', 'approach_vx']
- 2026-10-06 21:34 evo_g017: blend 0.7/0.3 with champion, screen +0.6
- 2026-10-06 21:37 evo_g017: blend 0.5/0.5 with champion, screen +1.8
- 2026-10-06 21:58 evo_g017_x50: score -9.29 vs x4_g004_70_2seed, regressions ['bumps_goals', 'flat_goals', 'moving_goals', 'short_stop_m', 'approach_kick_pct', 'approach_first_s', 'approach_vx']
- 2026-10-06 21:58 stopped after generation 17 (time or failures); champion x4_g004_70_2seed
